======= test_0009.test =======
======= exitvalue =======
0
======= stderr =======
Warning: partial minimization in CG
======= stdout =======
iters per frame = 10
number of frames = 100
timestep = 1.000000e-16
temp = 0.000000
dump as text
< test_0009.mmp  > test_0009.xyz

Total Ke = 1.117800e-19
final RMS gradient=43.834339 after 14 iterations
======= test_0009.trc =======
# nanoENGINEER-1.com Simulator Trace File, Version 050310
#
# Input File:test_0009.mmp
# Output File: test_0009.xyz
# Trace File: test_0009.trc
# Number of Atoms: 18
# Number of Frames: 100
# Steps per Frame: 10
# Temperature: 300.0
# 
# 0 columns:
#

# rms force, high force
1 1307.96 1365.85
2 783.10 946.67
3 490.00 637.72
4 346.56 434.12
5 211.57 263.82
6 100.59 114.64
7 80.98 102.87
8 305.19 529.85
9 245.24 414.59
10 44.02 67.44
# Switching to Conjugate-Gradient
11 44.02 67.44
12 43.83 67.28
13 99429.15 197152.47
14 43.83 3272480354115239376405119387045373251105587200.00
# Warning: partial minimization in CG
# Done: 
======= test_0009.xyz =======
18
RMS=43.834339
C -2.894570 0.283666 0.012926
H -3.521126 0.910241 -0.659239
H -2.229501 -0.381633 -0.582668
C -2.046392 1.178028 0.905765
H -2.712613 1.776163 1.567451
H -1.419313 1.848083 0.277565
C -3.789061 -0.564178 0.906056
H -4.459537 -1.191026 0.278113
H -4.387235 0.102032 1.567753
C -2.900640 -1.458095 1.759958
H -3.532830 -2.120678 2.391097
H -2.243274 -2.065758 1.098064
C -1.152675 0.289500 1.759760
H -0.544902 -0.367845 1.097929
H -0.489782 0.921463 2.390776
C -2.040846 -0.570055 2.649121
H -2.699232 0.088402 3.259259
H -1.408471 -1.202310 3.310313
