======= test_0001.test =======
TYPE struct
======= exitvalue =======
0
======= structurematch =======
0
======= stderr =======
== structure comparison ==
