======= test_C14H24.test =======
TYPE struct
======= exitvalue =======
0
======= structurematch =======
0
======= stderr =======
cutover to fine tolerance at 3
== structure comparison ==
