======= test_C8H14.test =======
TYPE struct
======= exitvalue =======
0
======= structurematch =======
0
======= stderr =======
cutover to fine tolerance at 2
== structure comparison ==
