======= test_C2H6.test =======
TYPE struct
======= exitvalue =======
0
======= structurematch =======
0
======= stderr =======
cutover to fine tolerance at 3
linearMinimize allocated 0 instead of 1
minimize allocated 0 instead of 1
== structure comparison ==
