======= test_C10H12.test =======
TYPE struct
======= exitvalue =======
0
======= structurematch =======
0
======= stderr =======
cutover to fine tolerance at 7
== structure comparison ==
