======= test_C6H10.test =======
TYPE struct
======= exitvalue =======
0
======= structurematch =======
1
======= stderr =======
cutover to fine tolerance at 10
== structure comparison ==
error reading atom 0 from test_C6H10.xyzcmp
could not read base positions file from -B<filename>
