======= test_C4H8.test =======
TYPE struct
======= exitvalue =======
0
======= structurematch =======
0
======= stderr =======
cutover to fine tolerance at 0
== structure comparison ==
